[0m17:37:42.534520 [debug] [MainThread]: Sending event: {'category': 'dbt', 'action': 'invocation', 'label': 'start', 'context': [<snowplow_tracker.self_describing_json.SelfDescribingJson object at 0x10e05c090>, <snowplow_tracker.self_describing_json.SelfDescribingJson object at 0x1118f5090>, <snowplow_tracker.self_describing_json.SelfDescribingJson object at 0x1118f5790>]}


============================== 17:37:42.538902 | 72aea255-01b0-4cbd-9121-6ba9e0b05ad0 ==============================
[0m17:37:42.538902 [info ] [MainThread]: Running with dbt=1.11.7
[0m17:37:42.539325 [debug] [MainThread]: running dbt with arguments {'warn_error_options': 'WarnErrorOptionsV2(error=[], warn=[], silence=[])', 'write_json': 'True', 'warn_error': 'None', 'log_format': 'default', 'invocation_command': 'dbt init', 'use_colors': 'True', 'log_cache_events': 'False', 'log_path': 'logs', 'version_check': 'True', 'indirect_selection': 'eager', 'partial_parse': 'True', 'debug': 'False', 'introspect': 'True', 'use_experimental_parser': 'False', 'static_parser': 'True', 'empty': 'None', 'fail_fast': 'False', 'target_path': 'None', 'quiet': 'False', 'printer_width': '80', 'profiles_dir': '/Users/vitaliejicol/.dbt', 'cache_selected_only': 'False', 'send_anonymous_usage_stats': 'True', 'no_print': 'None'}
[0m17:37:42.548354 [info ] [MainThread]: Creating dbt configuration folder at /Users/vitaliejicol/.dbt
[0m17:37:50.126186 [debug] [MainThread]: Starter project path: /Users/vitaliejicol/Documents/git/paymentology/the-project/env/lib/python3.11/site-packages/dbt/include/starter_project
[0m17:37:50.133217 [info ] [MainThread]: 
Your new dbt project "payment" was created!

For more information on how to configure the profiles.yml file,
please consult the dbt documentation here:

  https://docs.getdbt.com/docs/configure-your-profile

One more thing:

Need help? Don't hesitate to reach out to us via GitHub issues or on Slack:

  https://community.getdbt.com/

Happy modeling!

[0m17:37:50.133666 [info ] [MainThread]: Setting up your profile.
[0m17:37:50.134299 [error] [MainThread]: Encountered an error:
Runtime Error
  No adapters available. Learn how to install an adapter by going to https://docs.getdbt.com/docs/connect-adapters#install-using-the-cli
[0m17:37:50.447447 [debug] [MainThread]: Resource report: {"command_name": "init", "command_success": false, "command_wall_clock_time": 8.060437, "process_in_blocks": "0", "process_kernel_time": 0.146421, "process_mem_max_rss": "112373760", "process_out_blocks": "0", "process_user_time": 0.787392}
[0m17:37:50.448182 [debug] [MainThread]: Command `dbt init` failed at 17:37:50.447864 after 8.06 seconds
[0m17:37:50.448474 [debug] [MainThread]: Sending event: {'category': 'dbt', 'action': 'invocation', 'label': 'end', 'context': [<snowplow_tracker.self_describing_json.SelfDescribingJson object at 0x1118f5050>, <snowplow_tracker.self_describing_json.SelfDescribingJson object at 0x1118f56d0>, <snowplow_tracker.self_describing_json.SelfDescribingJson object at 0x10b7a4c10>]}
[0m17:37:50.448734 [debug] [MainThread]: Flushing usage events
[0m17:37:50.927835 [debug] [MainThread]: An error was encountered while trying to flush usage events
[0m17:40:46.911402 [debug] [MainThread]: Sending event: {'category': 'dbt', 'action': 'invocation', 'label': 'start', 'context': [<snowplow_tracker.self_describing_json.SelfDescribingJson object at 0x10dd18ed0>, <snowplow_tracker.self_describing_json.SelfDescribingJson object at 0x112caa310>, <snowplow_tracker.self_describing_json.SelfDescribingJson object at 0x112ccbfd0>]}


============================== 17:40:46.915202 | 4380be9e-4eee-4617-8643-730799b72cbe ==============================
[0m17:40:46.915202 [info ] [MainThread]: Running with dbt=1.11.7
[0m17:40:46.915643 [debug] [MainThread]: running dbt with arguments {'send_anonymous_usage_stats': 'True', 'target_path': 'None', 'empty': 'None', 'introspect': 'True', 'partial_parse': 'True', 'use_experimental_parser': 'False', 'debug': 'False', 'indirect_selection': 'eager', 'fail_fast': 'False', 'log_format': 'default', 'no_print': 'None', 'log_cache_events': 'False', 'warn_error': 'None', 'log_path': 'logs', 'write_json': 'True', 'quiet': 'False', 'cache_selected_only': 'False', 'profiles_dir': '/Users/vitaliejicol/.dbt', 'version_check': 'True', 'invocation_command': 'dbt init', 'printer_width': '80', 'warn_error_options': 'WarnErrorOptionsV2(error=[], warn=[], silence=[])', 'use_colors': 'True', 'static_parser': 'True'}
[0m17:40:53.616179 [debug] [MainThread]: Starter project path: /Users/vitaliejicol/Documents/git/paymentology/the-project/env/lib/python3.11/site-packages/dbt/include/starter_project
[0m17:40:53.627442 [info ] [MainThread]: 
Your new dbt project "payment" was created!

For more information on how to configure the profiles.yml file,
please consult the dbt documentation here:

  https://docs.getdbt.com/docs/configure-your-profile

One more thing:

Need help? Don't hesitate to reach out to us via GitHub issues or on Slack:

  https://community.getdbt.com/

Happy modeling!

[0m17:40:53.628076 [info ] [MainThread]: Setting up your profile.
[0m17:41:04.790252 [debug] [MainThread]: Snowflake adapter: Setting snowflake.connector to ERROR (file logging only)
[0m17:41:04.790757 [debug] [MainThread]: Snowflake adapter: Setting botocore to ERROR (file logging only)
[0m17:41:04.790992 [debug] [MainThread]: Snowflake adapter: Setting boto3 to ERROR (file logging only)
[0m21:23:45.855251 [info ] [MainThread]: Profile payment written to /Users/vitaliejicol/.dbt/profiles.yml using target's profile_template.yml and your supplied values. Run 'dbt debug' to validate the connection.
[0m21:23:45.875457 [debug] [MainThread]: Resource report: {"command_name": "init", "command_success": true, "command_wall_clock_time": 13379.037, "process_in_blocks": "0", "process_kernel_time": 0.201793, "process_mem_max_rss": "136531968", "process_out_blocks": "0", "process_user_time": 0.941324}
[0m21:23:45.878876 [debug] [MainThread]: Command `dbt init` succeeded at 21:23:45.878238 after 13379.04 seconds
[0m21:23:45.879935 [debug] [MainThread]: Sending event: {'category': 'dbt', 'action': 'invocation', 'label': 'end', 'context': [<snowplow_tracker.self_describing_json.SelfDescribingJson object at 0x10cc0dad0>, <snowplow_tracker.self_describing_json.SelfDescribingJson object at 0x112ca8490>, <snowplow_tracker.self_describing_json.SelfDescribingJson object at 0x1129d8710>]}
[0m21:23:45.881283 [debug] [MainThread]: Flushing usage events
[0m21:23:46.301169 [debug] [MainThread]: An error was encountered while trying to flush usage events
